actions/program-type.action.ts(17,27): error TS2353: Object literal may only specify known properties, and 'programs' does not exist in type 'ProgramTypeCountOutputTypeSelect<DefaultArgs>'.
actions/program-type.action.ts(29,25): error TS2339: Property '_count' does not exist on type '{ id: string; code: string; name: string; isActive: boolean; createdAt: Date; updatedAt: Date; description: string | null; programId: string; }'.
actions/program-type.action.ts(75,44): error TS2353: Object literal may only specify known properties, and 'programs' does not exist in type 'ProgramTypeCountOutputTypeSelect<DefaultArgs>'.
actions/program-type.action.ts(78,26): error TS2339: Property '_count' does not exist on type '{ id: string; code: string; name: string; isActive: boolean; createdAt: Date; updatedAt: Date; description: string | null; programId: string; }'.
actions/program-type.action.ts(79,113): error TS2339: Property '_count' does not exist on type '{ id: string; code: string; name: string; isActive: boolean; createdAt: Date; updatedAt: Date; description: string | null; programId: string; }'.
app/(dashboard)/consultant/sessions/[id]/page.tsx(58,9): error TS2322: Type 'string | null' is not assignable to type 'string'.
  Type 'null' is not assignable to type 'string'.
app/(dashboard)/consultant/sessions/[id]/page.tsx(60,18): error TS2367: This comparison appears to be unintentional because the types 'BookingSessionType' and '"ACADEMIC"' have no overlap.
app/(dashboard)/consultant/sessions/[id]/page.tsx(60,69): error TS2367: This comparison appears to be unintentional because the types 'BookingSessionType' and '"CAREER"' have no overlap.
app/(dashboard)/consultant/sessions/[id]/page.tsx(61,24): error TS2339: Property 'topic' does not exist on type '{ student: { name: string | null; id: string; email: string | null; emailVerified: Date | null; image: string | null; passwordHash: string | null; role: Role; department: Department | null; isActive: boolean; createdAt: Date; updatedAt: Date; }; meetingNotes: { ...; }[]; } & { ...; }'.
app/(dashboard)/consultant/sessions/page.tsx(27,11): error TS2322: Type '{ id: string; studentName: string; studentEmail: string | null; program: string; topic: any; date: string; startTime: string; endTime: string; status: any; meetingUrl: string | null; notes: string | null; }[]' is not assignable to type 'SessionItem[]'.
  Type '{ id: string; studentName: string; studentEmail: string | null; program: string; topic: any; date: string; startTime: string; endTime: string; status: any; meetingUrl: string | null; notes: string | null; }' is not assignable to type 'SessionItem'.
    Types of property 'studentEmail' are incompatible.
      Type 'string | null' is not assignable to type 'string'.
        Type 'null' is not assignable to type 'string'.
app/(dashboard)/consultant/sessions/page.tsx(35,22): error TS2367: This comparison appears to be unintentional because the types 'BookingSessionType' and '"ACADEMIC"' have no overlap.
app/(dashboard)/consultant/sessions/page.tsx(35,67): error TS2367: This comparison appears to be unintentional because the types 'BookingSessionType' and '"CAREER"' have no overlap.
app/(dashboard)/consultant/sessions/page.tsx(36,22): error TS2339: Property 'topic' does not exist on type '{ student: { name: string | null; id: string; email: string | null; emailVerified: Date | null; image: string | null; passwordHash: string | null; role: Role; department: Department | null; isActive: boolean; createdAt: Date; updatedAt: Date; }; } & { ...; }'.
app/(dashboard)/consultant/students/page.tsx(28,29): error TS2353: Object literal may only specify known properties, and 'program' does not exist in type 'ProgramEnrollmentInclude<DefaultArgs>'.
app/(dashboard)/consultant/students/page.tsx(56,36): error TS2551: Property 'student' does not exist on type '{ id: string; createdAt: Date; updatedAt: Date; studentId: string; consultantId: string; reason: string | null; startDate: Date; endDate: Date | null; isTemporary: boolean; }'. Did you mean 'studentId'?
app/(dashboard)/consultant/students/page.tsx(69,74): error TS7006: Parameter 'req' implicitly has an 'any' type.
app/(dashboard)/consultant/students/page.tsx(70,36): error TS7006: Parameter 'doc' implicitly has an 'any' type.
app/(dashboard)/management/enrollments/course/create/page.tsx(40,21): error TS2322: Type '{ id: string; profileId: string; name: string | null; email: string | null; }[]' is not assignable to type '{ id: string; name: string | null; email: string; }[]'.
  Type '{ id: string; profileId: string; name: string | null; email: string | null; }' is not assignable to type '{ id: string; name: string | null; email: string; }'.
    Types of property 'email' are incompatible.
      Type 'string | null' is not assignable to type 'string'.
        Type 'null' is not assignable to type 'string'.
app/(dashboard)/management/enrollments/course/create/page.tsx(41,21): error TS2322: Type '{ id: string; code: string; title: string; category: CourseCategory | null; level: CourseLevel | null; price: number; }[]' is not assignable to type '{ id: string; code: string; title: string; category: string; level: string; price: number; }[]'.
  Type '{ id: string; code: string; title: string; category: $Enums.CourseCategory | null; level: $Enums.CourseLevel | null; price: number; }' is not assignable to type '{ id: string; code: string; title: string; category: string; level: string; price: number; }'.
    Types of property 'category' are incompatible.
      Type 'string | null' is not assignable to type 'string'.
        Type 'null' is not assignable to type 'string'.
app/(dashboard)/management/enrollments/course/create/page.tsx(42,21): error TS2322: Type '{ id: string; courseId: string; code: string; teacherName: string; schedule: string; maxCapacity: number; currentEnrolled: number; startDate: string | null; endDate: string | null; }[]' is not assignable to type '{ id: string; courseId: string; code: string; teacherName: string | null; schedule: string; maxCapacity: number; currentEnrolled: number; startDate: string; endDate: string; }[]'.
  Type '{ id: string; courseId: string; code: string; teacherName: string; schedule: string; maxCapacity: number; currentEnrolled: number; startDate: string | null; endDate: string | null; }' is not assignable to type '{ id: string; courseId: string; code: string; teacherName: string | null; schedule: string; maxCapacity: number; currentEnrolled: number; startDate: string; endDate: string; }'.
    Types of property 'startDate' are incompatible.
      Type 'string | null' is not assignable to type 'string'.
        Type 'null' is not assignable to type 'string'.
app/(dashboard)/management/invoices/page.tsx(24,27): error TS2322: Type '({ student: { name: string | null; id: string; email: string | null; emailVerified: Date | null; image: string | null; passwordHash: string | null; role: Role; department: Department | null; isActive: boolean; createdAt: Date; updatedAt: Date; }; items: { ...; }[]; } & { ...; })[]' is not assignable to type 'InvoiceWithRelations[]'.
  Type '{ student: { name: string | null; id: string; email: string | null; emailVerified: Date | null; image: string | null; passwordHash: string | null; role: Role; department: Department | null; isActive: boolean; createdAt: Date; updatedAt: Date; }; items: { ...; }[]; } & { ...; }' is not assignable to type 'InvoiceWithRelations'.
    Types of property 'student' are incompatible.
      Type '{ name: string | null; id: string; email: string | null; emailVerified: Date | null; image: string | null; passwordHash: string | null; role: Role; department: Department | null; isActive: boolean; createdAt: Date; updatedAt: Date; }' is missing the following properties from type '{ id: string; fullName: string; email: string | null; studentNumber: string | null; }': fullName, studentNumber
app/(dashboard)/management/services/create/page.tsx(50,9): error TS2322: Type 'any' is not assignable to type 'never'.
app/api/test-minio/route.ts(3,29): error TS2307: Cannot find module '@/lib/minio' or its corresponding type declarations.
components/forms/assign-mentor-form.tsx(9,10): error TS2459: Module '"../tables/user-table"' declares 'UserItem' locally, but it is not exported.
components/forms/course-form.tsx(26,9): error TS2322: Type 'Resolver<{ programTypeId: string; code: string; name: string; id?: string | undefined; category?: "LANGUAGE" | "ACADEMIC" | "SKILL" | "ORIENTATION" | undefined; level?: "BASIC" | "INTERMEDIATE" | "ADVANCED" | "PREPARATION" | undefined; durationHours?: number | undefined; basePrice?: number | undefined; isActive?: bo...' is not assignable to type 'Resolver<{ programTypeId: string; code: string; name: string; category: "LANGUAGE" | "ACADEMIC" | "SKILL" | "ORIENTATION"; level: "BASIC" | "INTERMEDIATE" | "ADVANCED" | "PREPARATION"; durationHours: number; basePrice: number; isActive: boolean; id?: string | undefined; }, any, { ...; }>'.
  Types of parameters 'options' and 'options' are incompatible.
    Type 'ResolverOptions<{ programTypeId: string; code: string; name: string; category: "LANGUAGE" | "ACADEMIC" | "SKILL" | "ORIENTATION"; level: "BASIC" | "INTERMEDIATE" | "ADVANCED" | "PREPARATION"; durationHours: number; basePrice: number; isActive: boolean; id?: string | undefined; }>' is not assignable to type 'ResolverOptions<{ programTypeId: string; code: string; name: string; id?: string | undefined; category?: "LANGUAGE" | "ACADEMIC" | "SKILL" | "ORIENTATION" | undefined; level?: "BASIC" | "INTERMEDIATE" | "ADVANCED" | "PREPARATION" | undefined; durationHours?: number | undefined; basePrice?: number | undefined; isActi...'.
      Type '"LANGUAGE" | "ACADEMIC" | "SKILL" | "ORIENTATION" | undefined' is not assignable to type '"LANGUAGE" | "ACADEMIC" | "SKILL" | "ORIENTATION"'.
        Type 'undefined' is not assignable to type '"LANGUAGE" | "ACADEMIC" | "SKILL" | "ORIENTATION"'.
components/forms/course-form.tsx(53,38): error TS2345: Argument of type '(data: CourseInput) => Promise<void>' is not assignable to parameter of type 'SubmitHandler<TFieldValues, Promise<void>>'.
  Types of parameters 'data' and 'data' are incompatible.
    Type 'TFieldValues' is not assignable to type '{ programTypeId: string; code: string; name: string; category: "LANGUAGE" | "ACADEMIC" | "SKILL" | "ORIENTATION"; level: "BASIC" | "INTERMEDIATE" | "ADVANCED" | "PREPARATION"; durationHours: number; basePrice: number; isActive: boolean; id?: string | undefined; }'.
      Type 'FieldValues' is missing the following properties from type '{ programTypeId: string; code: string; name: string; category: "LANGUAGE" | "ACADEMIC" | "SKILL" | "ORIENTATION"; level: "BASIC" | "INTERMEDIATE" | "ADVANCED" | "PREPARATION"; durationHours: number; basePrice: number; isActive: boolean; id?: string | undefined; }': programTypeId, code, name, category, and 4 more.
components/forms/program-enrollment-form.tsx(57,29): error TS2769: No overload matches this call.
  Overload 1 of 4, '(names: readonly ("programTypeId" | "status" | "studentId" | "consultantId" | "notes")[], defaultValue?: { programTypeId?: string | undefined; status?: "ONBOARDING" | "PROCESSING" | "ACTIVE" | "COMPLETED" | "CANCELLED" | undefined; studentId?: string | undefined; consultantId?: string | ... 1 more ... | undefined; notes?: string | ... 1 more ... | undefined; } | undefined): readonly (string | ... 1 more ... | undefined)[]', gave the following error.
    Argument of type 'string' is not assignable to parameter of type 'readonly ("programTypeId" | "status" | "studentId" | "consultantId" | "notes")[]'.
  Overload 2 of 4, '(name: "programTypeId" | "status" | "studentId" | "consultantId" | "notes", defaultValue?: string | null | undefined): string | null | undefined', gave the following error.
    Argument of type '"programId"' is not assignable to parameter of type '"programTypeId" | "status" | "studentId" | "consultantId" | "notes"'.
  Overload 3 of 4, '(callback: WatchObserver<{ programTypeId: string; status: "ONBOARDING" | "PROCESSING" | "ACTIVE" | "COMPLETED" | "CANCELLED"; studentId: string; consultantId?: string | null | undefined; notes?: string | null | undefined; }>, defaultValues?: { ...; } | undefined): Subscription', gave the following error.
    Argument of type 'string' is not assignable to parameter of type 'WatchObserver<{ programTypeId: string; status: "ONBOARDING" | "PROCESSING" | "ACTIVE" | "COMPLETED" | "CANCELLED"; studentId: string; consultantId?: string | null | undefined; notes?: string | null | undefined; }>'.
components/forms/program-enrollment-form.tsx(67,64): error TS2367: This comparison appears to be unintentional because the types 'string' and 'readonly (string | null | undefined)[]' have no overlap.
components/forms/program-enrollment-form.tsx(71,18): error TS2345: Argument of type '"programId"' is not assignable to parameter of type '"programTypeId" | "status" | "studentId" | "consultantId" | "notes"'.
components/forms/program-enrollment-form.tsx(194,50): error TS2345: Argument of type '"programId"' is not assignable to parameter of type '"programTypeId" | "status" | "studentId" | "consultantId" | "notes"'.
components/forms/program-enrollment-form.tsx(195,198): error TS2339: Property 'programId' does not exist on type 'FieldErrors<{ programTypeId: string; status: "ONBOARDING" | "PROCESSING" | "ACTIVE" | "COMPLETED" | "CANCELLED"; studentId: string; consultantId?: string | null | undefined; notes?: string | null | undefined; }>'.
components/forms/program-enrollment-form.tsx(208,33): error TS2339: Property 'programId' does not exist on type 'FieldErrors<{ programTypeId: string; status: "ONBOARDING" | "PROCESSING" | "ACTIVE" | "COMPLETED" | "CANCELLED"; studentId: string; consultantId?: string | null | undefined; notes?: string | null | undefined; }>'.
components/forms/program-enrollment-form.tsx(209,78): error TS2339: Property 'programId' does not exist on type 'FieldErrors<{ programTypeId: string; status: "ONBOARDING" | "PROCESSING" | "ACTIVE" | "COMPLETED" | "CANCELLED"; studentId: string; consultantId?: string | null | undefined; notes?: string | null | undefined; }>'.
components/forms/program-form.tsx(16,10): error TS2305: Module '"@/schemas/program.schema"' has no exported member 'programSchema'.
components/forms/program-form.tsx(16,25): error TS2305: Module '"@/schemas/program.schema"' has no exported member 'ProgramInput'.
components/forms/program-form.tsx(17,10): error TS2305: Module '"@/actions/program.action"' has no exported member 'createProgram'.
components/shared/document-queue-client.tsx(47,13): error TS18047: 'doc.student.name' is possibly 'null'.
components/shared/document-queue-client.tsx(111,26): error TS2345: Argument of type '(docs: ({ student: { name: string | null; }; requirement: { name: string; }; history: ({ updatedBy: { name: string | null; role: Role; }; } & { id: string; createdAt: Date; status: DocumentStatus; note: string | null; documentId: string; updatedById: string; })[]; } & { ...; })[]) => { ...; }[]' is not assignable to parameter of type 'SetStateAction<({ student: { name: string | null; }; requirement: { name: string; }; history: ({ updatedBy: { name: string | null; role: Role; }; } & { id: string; createdAt: Date; status: DocumentStatus; note: string | null; documentId: string; updatedById: string; })[]; } & { ...; })[]>'.
  Type '(docs: ({ student: { name: string | null; }; requirement: { name: string; }; history: ({ updatedBy: { name: string | null; role: Role; }; } & { id: string; createdAt: Date; status: DocumentStatus; note: string | null; documentId: string; updatedById: string; })[]; } & { ...; })[]) => { ...; }[]' is not assignable to type '(prevState: ({ student: { name: string | null; }; requirement: { name: string; }; history: ({ updatedBy: { name: string | null; role: Role; }; } & { id: string; createdAt: Date; status: DocumentStatus; note: string | null; documentId: string; updatedById: string; })[]; } & { ...; })[]) => ({ ...; } & { ...; })[]'.
    Type '{ status: DocumentStatus; revisionNote: string | null; outcomeObjectKey: string | null; history: (({ updatedBy: { name: string | null; role: Role; }; } & { id: string; ... 4 more ...; updatedById: string; }) | { ...; })[]; ... 15 more ...; reviewedAt: Date | null; }[]' is not assignable to type '({ student: { name: string | null; }; requirement: { name: string; }; history: ({ updatedBy: { name: string | null; role: Role; }; } & { id: string; createdAt: Date; status: DocumentStatus; note: string | null; documentId: string; updatedById: string; })[]; } & { ...; })[]'.
      Type '{ status: DocumentStatus; revisionNote: string | null; outcomeObjectKey: string | null; history: (({ updatedBy: { name: string | null; role: $Enums.Role; }; } & { ...; }) | { ...; })[]; ... 15 more ...; reviewedAt: Date | null; }' is not assignable to type '{ student: { name: string | null; }; requirement: { name: string; }; history: ({ updatedBy: { name: string | null; role: Role; }; } & { id: string; createdAt: Date; status: DocumentStatus; note: string | null; documentId: string; updatedById: string; })[]; } & { ...; }'.
        Type '{ status: DocumentStatus; revisionNote: string | null; outcomeObjectKey: string | null; history: (({ updatedBy: { name: string | null; role: $Enums.Role; }; } & { ...; }) | { ...; })[]; ... 15 more ...; reviewedAt: Date | null; }' is not assignable to type '{ student: { name: string | null; }; requirement: { name: string; }; history: ({ updatedBy: { name: string | null; role: Role; }; } & { id: string; createdAt: Date; status: DocumentStatus; note: string | null; documentId: string; updatedById: string; })[]; }'.
          Types of property 'history' are incompatible.
            Type '(({ updatedBy: { name: string | null; role: Role; }; } & { id: string; createdAt: Date; status: DocumentStatus; note: string | null; documentId: string; updatedById: string; }) | { ...; })[]' is not assignable to type '({ updatedBy: { name: string | null; role: Role; }; } & { id: string; createdAt: Date; status: DocumentStatus; note: string | null; documentId: string; updatedById: string; })[]'.
              Type '({ updatedBy: { name: string | null; role: Role; }; } & { id: string; createdAt: Date; status: DocumentStatus; note: string | null; documentId: string; updatedById: string; }) | { ...; }' is not assignable to type '{ updatedBy: { name: string | null; role: Role; }; } & { id: string; createdAt: Date; status: DocumentStatus; note: string | null; documentId: string; updatedById: string; }'.
                Type '{ status: DocumentStatus; note: string | null; createdAt: Date; updatedBy: { fullName: string; role: string; }; }' is not assignable to type '{ updatedBy: { name: string | null; role: Role; }; } & { id: string; createdAt: Date; status: DocumentStatus; note: string | null; documentId: string; updatedById: string; }'.
                  Type '{ status: DocumentStatus; note: string | null; createdAt: Date; updatedBy: { fullName: string; role: string; }; }' is not assignable to type '{ updatedBy: { name: string | null; role: Role; }; }'.
                    Types of property 'updatedBy' are incompatible.
                      Property 'name' is missing in type '{ fullName: string; role: string; }' but required in type '{ name: string | null; role: Role; }'.
components/shared/document-queue-client.tsx(112,28): error TS2345: Argument of type '{ status: DocumentStatus; revisionNote: string | null; outcomeObjectKey: string | null; history: (({ updatedBy: { name: string | null; role: $Enums.Role; }; } & { ...; }) | { ...; })[]; ... 15 more ...; reviewedAt: Date | null; }' is not assignable to parameter of type 'SetStateAction<({ student: { name: string | null; }; requirement: { name: string; }; history: ({ updatedBy: { name: string | null; role: Role; }; } & { id: string; createdAt: Date; status: DocumentStatus; note: string | null; documentId: string; updatedById: string; })[]; } & { ...; }) | null>'.
  Type '{ status: DocumentStatus; revisionNote: string | null; outcomeObjectKey: string | null; history: (({ updatedBy: { name: string | null; role: $Enums.Role; }; } & { ...; }) | { ...; })[]; ... 15 more ...; reviewedAt: Date | null; }' is not assignable to type '{ student: { name: string | null; }; requirement: { name: string; }; history: ({ updatedBy: { name: string | null; role: Role; }; } & { id: string; createdAt: Date; status: DocumentStatus; note: string | null; documentId: string; updatedById: string; })[]; } & { ...; }'.
    Type '{ status: DocumentStatus; revisionNote: string | null; outcomeObjectKey: string | null; history: (({ updatedBy: { name: string | null; role: $Enums.Role; }; } & { ...; }) | { ...; })[]; ... 15 more ...; reviewedAt: Date | null; }' is not assignable to type '{ student: { name: string | null; }; requirement: { name: string; }; history: ({ updatedBy: { name: string | null; role: Role; }; } & { id: string; createdAt: Date; status: DocumentStatus; note: string | null; documentId: string; updatedById: string; })[]; }'.
      Types of property 'history' are incompatible.
        Type '(({ updatedBy: { name: string | null; role: Role; }; } & { id: string; createdAt: Date; status: DocumentStatus; note: string | null; documentId: string; updatedById: string; }) | { ...; })[]' is not assignable to type '({ updatedBy: { name: string | null; role: Role; }; } & { id: string; createdAt: Date; status: DocumentStatus; note: string | null; documentId: string; updatedById: string; })[]'.
          Type '({ updatedBy: { name: string | null; role: Role; }; } & { id: string; createdAt: Date; status: DocumentStatus; note: string | null; documentId: string; updatedById: string; }) | { ...; }' is not assignable to type '{ updatedBy: { name: string | null; role: Role; }; } & { id: string; createdAt: Date; status: DocumentStatus; note: string | null; documentId: string; updatedById: string; }'.
            Type '{ status: DocumentStatus; note: string | null; createdAt: Date; updatedBy: { fullName: string; role: string; }; }' is not assignable to type '{ updatedBy: { name: string | null; role: Role; }; } & { id: string; createdAt: Date; status: DocumentStatus; note: string | null; documentId: string; updatedById: string; }'.
              Type '{ status: DocumentStatus; note: string | null; createdAt: Date; updatedBy: { fullName: string; role: string; }; }' is not assignable to type '{ updatedBy: { name: string | null; role: Role; }; }'.
                Types of property 'updatedBy' are incompatible.
                  Property 'name' is missing in type '{ fullName: string; role: string; }' but required in type '{ name: string | null; role: Role; }'.
components/tables/course-table.tsx(37,27): error TS2345: Argument of type '{ id: string; code: string; name: string; category: $Enums.CourseCategory; level: $Enums.CourseLevel; durationHours: number; basePrice: number; isActive: boolean; }' is not assignable to parameter of type 'SetStateAction<{ programTypeId: string; code: string; name: string; category: "LANGUAGE" | "ACADEMIC" | "SKILL" | "ORIENTATION"; level: "BASIC" | "INTERMEDIATE" | "ADVANCED" | "PREPARATION"; durationHours: number; basePrice: number; isActive: boolean; id?: string | undefined; } | undefined>'.
  Property 'programTypeId' is missing in type '{ id: string; code: string; name: string; category: $Enums.CourseCategory; level: $Enums.CourseLevel; durationHours: number; basePrice: number; isActive: boolean; }' but required in type '{ programTypeId: string; code: string; name: string; category: "LANGUAGE" | "ACADEMIC" | "SKILL" | "ORIENTATION"; level: "BASIC" | "INTERMEDIATE" | "ADVANCED" | "PREPARATION"; durationHours: number; basePrice: number; isActive: boolean; id?: string | undefined; }'.
components/tables/user-table.tsx(44,13): error TS18047: 'u.email' is possibly 'null'.
services/file.service.ts(116,21): error TS2353: Object literal may only specify known properties, and 'user' does not exist in type 'UserInclude<DefaultArgs>'.
